TimeQuest Timing Analyzer report for L1P5
Mon Sep 26 17:47:03 2022
Quartus II 64-Bit Version 13.0.1 Build 232 06/12/2013 Service Pack 1 SJ Web Edition


---------------------
; Table of Contents ;
---------------------
  1. Legal Notice
  2. TimeQuest Timing Analyzer Summary
  3. Parallel Compilation
  4. Clocks
  5. Slow Model Fmax Summary
  6. Slow Model Setup Summary
  7. Slow Model Hold Summary
  8. Slow Model Recovery Summary
  9. Slow Model Removal Summary
 10. Slow Model Minimum Pulse Width Summary
 11. Propagation Delay
 12. Minimum Propagation Delay
 13. Fast Model Setup Summary
 14. Fast Model Hold Summary
 15. Fast Model Recovery Summary
 16. Fast Model Removal Summary
 17. Fast Model Minimum Pulse Width Summary
 18. Propagation Delay
 19. Minimum Propagation Delay
 20. Multicorner Timing Analysis Summary
 21. Progagation Delay
 22. Minimum Progagation Delay
 23. Clock Transfers
 24. Report TCCS
 25. Report RSKM
 26. Unconstrained Paths
 27. TimeQuest Timing Analyzer Messages



----------------
; Legal Notice ;
----------------
Copyright (C) 1991-2013 Altera Corporation
Your use of Altera Corporation's design tools, logic functions 
and other software and tools, and its AMPP partner logic 
functions, and any output files from any of the foregoing 
(including device programming or simulation files), and any 
associated documentation or information are expressly subject 
to the terms and conditions of the Altera Program License 
Subscription Agreement, Altera MegaCore Function License 
Agreement, or other applicable license agreement, including, 
without limitation, that your use is for the sole purpose of 
programming logic devices manufactured by Altera and sold by 
Altera or its authorized distributors.  Please refer to the 
applicable agreement for further details.



+----------------------------------------------------------------------------------------+
; TimeQuest Timing Analyzer Summary                                                      ;
+--------------------+-------------------------------------------------------------------+
; Quartus II Version ; Version 13.0.1 Build 232 06/12/2013 Service Pack 1 SJ Web Edition ;
; Revision Name      ; L1P5                                                              ;
; Device Family      ; Cyclone II                                                        ;
; Device Name        ; EP2C20F484C7                                                      ;
; Timing Models      ; Final                                                             ;
; Delay Model        ; Combined                                                          ;
; Rise/Fall Delays   ; Unavailable                                                       ;
+--------------------+-------------------------------------------------------------------+


Parallel compilation was disabled, but you have multiple processors available. Enable parallel compilation to reduce compilation time.
+-------------------------------------+
; Parallel Compilation                ;
+----------------------------+--------+
; Processors                 ; Number ;
+----------------------------+--------+
; Number detected on machine ; 16     ;
; Maximum allowed            ; 1      ;
+----------------------------+--------+


----------
; Clocks ;
----------
No clocks to report.


---------------------------
; Slow Model Fmax Summary ;
---------------------------
No paths to report.


----------------------------
; Slow Model Setup Summary ;
----------------------------
No paths to report.


---------------------------
; Slow Model Hold Summary ;
---------------------------
No paths to report.


-------------------------------
; Slow Model Recovery Summary ;
-------------------------------
No paths to report.


------------------------------
; Slow Model Removal Summary ;
------------------------------
No paths to report.


------------------------------------------
; Slow Model Minimum Pulse Width Summary ;
------------------------------------------
No paths to report.


+--------------------------------------------------------------+
; Propagation Delay                                            ;
+------------+-------------+--------+--------+--------+--------+
; Input Port ; Output Port ; RR     ; RF     ; FR     ; FF     ;
+------------+-------------+--------+--------+--------+--------+
; SW[0]      ; HEX0[0]     ;        ; 11.453 ; 11.453 ;        ;
; SW[0]      ; HEX0[1]     ; 10.852 ;        ;        ; 10.852 ;
; SW[0]      ; HEX0[2]     ; 10.852 ;        ;        ; 10.852 ;
; SW[0]      ; HEX0[5]     ;        ; 11.453 ; 11.453 ;        ;
; SW[0]      ; HEX1[0]     ;        ; 10.914 ; 10.914 ;        ;
; SW[0]      ; HEX1[1]     ; 10.436 ;        ;        ; 10.436 ;
; SW[0]      ; HEX1[2]     ; 10.065 ;        ;        ; 10.065 ;
; SW[0]      ; HEX1[5]     ;        ; 10.891 ; 10.891 ;        ;
; SW[0]      ; HEX2[0]     ;        ; 10.456 ; 10.456 ;        ;
; SW[0]      ; HEX2[1]     ; 10.832 ;        ;        ; 10.832 ;
; SW[0]      ; HEX2[2]     ; 10.832 ;        ;        ; 10.832 ;
; SW[0]      ; HEX2[5]     ;        ; 10.456 ; 10.456 ;        ;
; SW[1]      ; HEX0[0]     ; 11.302 ;        ;        ; 11.302 ;
; SW[1]      ; HEX0[3]     ; 11.563 ;        ;        ; 11.563 ;
; SW[1]      ; HEX0[4]     ; 11.738 ;        ;        ; 11.738 ;
; SW[1]      ; HEX0[5]     ; 11.302 ;        ;        ; 11.302 ;
; SW[1]      ; HEX0[6]     ; 11.583 ;        ;        ; 11.583 ;
; SW[1]      ; HEX1[0]     ; 10.987 ; 10.987 ; 10.987 ; 10.987 ;
; SW[1]      ; HEX1[3]     ; 10.319 ;        ;        ; 10.319 ;
; SW[1]      ; HEX1[4]     ; 10.350 ;        ;        ; 10.350 ;
; SW[1]      ; HEX1[5]     ; 10.964 ; 10.964 ; 10.964 ; 10.964 ;
; SW[1]      ; HEX1[6]     ; 10.329 ;        ;        ; 10.329 ;
; SW[1]      ; HEX2[0]     ; 10.693 ;        ;        ; 10.693 ;
; SW[1]      ; HEX2[3]     ; 11.411 ;        ;        ; 11.411 ;
; SW[1]      ; HEX2[4]     ; 11.431 ;        ;        ; 11.431 ;
; SW[1]      ; HEX2[5]     ; 10.693 ;        ;        ; 10.693 ;
; SW[1]      ; HEX2[6]     ; 11.441 ;        ;        ; 11.441 ;
; SW[2]      ; HEX0[0]     ;        ; 11.079 ; 11.079 ;        ;
; SW[2]      ; HEX0[1]     ; 10.478 ;        ;        ; 10.478 ;
; SW[2]      ; HEX0[2]     ; 10.478 ;        ;        ; 10.478 ;
; SW[2]      ; HEX0[5]     ;        ; 11.079 ; 11.079 ;        ;
; SW[2]      ; HEX1[0]     ;        ; 10.508 ; 10.508 ;        ;
; SW[2]      ; HEX1[1]     ; 11.176 ;        ;        ; 11.176 ;
; SW[2]      ; HEX1[2]     ; 10.805 ;        ;        ; 10.805 ;
; SW[2]      ; HEX1[5]     ;        ; 10.485 ; 10.485 ;        ;
; SW[2]      ; HEX2[0]     ;        ; 10.430 ; 10.430 ;        ;
; SW[2]      ; HEX2[1]     ; 10.015 ;        ;        ; 10.015 ;
; SW[2]      ; HEX2[2]     ; 10.015 ;        ;        ; 10.015 ;
; SW[2]      ; HEX2[5]     ;        ; 10.430 ; 10.430 ;        ;
; SW[3]      ; HEX0[0]     ; 11.208 ;        ;        ; 11.208 ;
; SW[3]      ; HEX0[3]     ; 11.469 ;        ;        ; 11.469 ;
; SW[3]      ; HEX0[4]     ; 11.644 ;        ;        ; 11.644 ;
; SW[3]      ; HEX0[5]     ; 11.208 ;        ;        ; 11.208 ;
; SW[3]      ; HEX0[6]     ; 11.489 ;        ;        ; 11.489 ;
; SW[3]      ; HEX1[0]     ; 10.792 ;        ;        ; 10.792 ;
; SW[3]      ; HEX1[3]     ; 10.575 ;        ;        ; 10.575 ;
; SW[3]      ; HEX1[4]     ; 10.606 ;        ;        ; 10.606 ;
; SW[3]      ; HEX1[5]     ; 10.769 ;        ;        ; 10.769 ;
; SW[3]      ; HEX1[6]     ; 10.585 ;        ;        ; 10.585 ;
; SW[3]      ; HEX2[0]     ; 10.796 ; 10.796 ; 10.796 ; 10.796 ;
; SW[3]      ; HEX2[3]     ; 10.741 ;        ;        ; 10.741 ;
; SW[3]      ; HEX2[4]     ; 10.761 ;        ;        ; 10.761 ;
; SW[3]      ; HEX2[5]     ; 10.796 ; 10.796 ; 10.796 ; 10.796 ;
; SW[3]      ; HEX2[6]     ; 10.771 ;        ;        ; 10.771 ;
; SW[4]      ; HEX0[0]     ;        ; 11.127 ; 11.127 ;        ;
; SW[4]      ; HEX0[1]     ; 10.081 ;        ;        ; 10.081 ;
; SW[4]      ; HEX0[2]     ; 10.081 ;        ;        ; 10.081 ;
; SW[4]      ; HEX0[5]     ;        ; 11.127 ; 11.127 ;        ;
; SW[4]      ; HEX1[0]     ;        ; 10.610 ; 10.610 ;        ;
; SW[4]      ; HEX1[1]     ; 11.278 ;        ;        ; 11.278 ;
; SW[4]      ; HEX1[2]     ; 10.907 ;        ;        ; 10.907 ;
; SW[4]      ; HEX1[5]     ;        ; 10.587 ; 10.587 ;        ;
; SW[4]      ; HEX2[0]     ;        ; 10.552 ; 10.552 ;        ;
; SW[4]      ; HEX2[1]     ; 10.928 ;        ;        ; 10.928 ;
; SW[4]      ; HEX2[2]     ; 10.928 ;        ;        ; 10.928 ;
; SW[4]      ; HEX2[5]     ;        ; 10.552 ; 10.552 ;        ;
; SW[5]      ; HEX0[0]     ; 10.772 ; 10.772 ; 10.772 ; 10.772 ;
; SW[5]      ; HEX0[3]     ; 10.311 ;        ;        ; 10.311 ;
; SW[5]      ; HEX0[4]     ; 10.486 ;        ;        ; 10.486 ;
; SW[5]      ; HEX0[5]     ; 10.772 ; 10.772 ; 10.772 ; 10.772 ;
; SW[5]      ; HEX0[6]     ; 10.331 ;        ;        ; 10.331 ;
; SW[5]      ; HEX1[0]     ; 10.762 ;        ;        ; 10.762 ;
; SW[5]      ; HEX1[3]     ; 10.545 ;        ;        ; 10.545 ;
; SW[5]      ; HEX1[4]     ; 10.576 ;        ;        ; 10.576 ;
; SW[5]      ; HEX1[5]     ; 10.739 ;        ;        ; 10.739 ;
; SW[5]      ; HEX1[6]     ; 10.555 ;        ;        ; 10.555 ;
; SW[5]      ; HEX2[0]     ; 11.267 ;        ;        ; 11.267 ;
; SW[5]      ; HEX2[3]     ; 11.985 ;        ;        ; 11.985 ;
; SW[5]      ; HEX2[4]     ; 12.005 ;        ;        ; 12.005 ;
; SW[5]      ; HEX2[5]     ; 11.267 ;        ;        ; 11.267 ;
; SW[5]      ; HEX2[6]     ; 12.015 ;        ;        ; 12.015 ;
; SW[8]      ; HEX0[0]     ; 11.478 ; 11.243 ; 11.243 ; 11.478 ;
; SW[8]      ; HEX0[1]     ; 10.013 ; 10.877 ; 10.877 ; 10.013 ;
; SW[8]      ; HEX0[2]     ; 10.013 ; 10.877 ; 10.877 ; 10.013 ;
; SW[8]      ; HEX0[3]     ; 10.725 ; 11.504 ; 11.504 ; 10.725 ;
; SW[8]      ; HEX0[4]     ; 10.900 ; 11.679 ; 11.679 ; 10.900 ;
; SW[8]      ; HEX0[5]     ; 11.478 ; 11.243 ; 11.243 ; 11.478 ;
; SW[8]      ; HEX0[6]     ; 10.745 ; 11.524 ; 11.524 ; 10.745 ;
; SW[8]      ; HEX1[0]     ; 10.923 ; 11.115 ; 11.115 ; 10.923 ;
; SW[8]      ; HEX1[1]     ; 10.451 ; 11.206 ; 11.206 ; 10.451 ;
; SW[8]      ; HEX1[2]     ; 10.080 ; 10.835 ; 10.835 ; 10.080 ;
; SW[8]      ; HEX1[3]     ; 10.018 ; 10.898 ; 10.898 ; 10.018 ;
; SW[8]      ; HEX1[4]     ; 10.049 ; 10.929 ; 10.929 ; 10.049 ;
; SW[8]      ; HEX1[5]     ; 10.900 ; 11.092 ; 11.092 ; 10.900 ;
; SW[8]      ; HEX1[6]     ; 10.028 ; 10.908 ; 10.908 ; 10.028 ;
; SW[8]      ; HEX2[0]     ; 10.830 ; 10.918 ; 10.918 ; 10.830 ;
; SW[8]      ; HEX2[1]     ; 10.043 ; 10.862 ; 10.862 ; 10.043 ;
; SW[8]      ; HEX2[2]     ; 10.043 ; 10.862 ; 10.862 ; 10.043 ;
; SW[8]      ; HEX2[3]     ; 10.771 ; 11.636 ; 11.636 ; 10.771 ;
; SW[8]      ; HEX2[4]     ; 10.791 ; 11.656 ; 11.656 ; 10.791 ;
; SW[8]      ; HEX2[5]     ; 10.830 ; 10.918 ; 10.918 ; 10.830 ;
; SW[8]      ; HEX2[6]     ; 10.801 ; 11.666 ; 11.666 ; 10.801 ;
; SW[9]      ; HEX0[0]     ; 11.801 ; 11.801 ; 11.801 ; 11.801 ;
; SW[9]      ; HEX0[1]     ; 11.200 ; 11.200 ; 11.200 ; 11.200 ;
; SW[9]      ; HEX0[2]     ; 11.200 ; 11.200 ; 11.200 ; 11.200 ;
; SW[9]      ; HEX0[3]     ; 11.827 ; 11.827 ; 11.827 ; 11.827 ;
; SW[9]      ; HEX0[4]     ; 12.002 ; 12.002 ; 12.002 ; 12.002 ;
; SW[9]      ; HEX0[5]     ; 11.801 ; 11.801 ; 11.801 ; 11.801 ;
; SW[9]      ; HEX0[6]     ; 11.847 ; 11.847 ; 11.847 ; 11.847 ;
; SW[9]      ; HEX1[0]     ; 11.251 ; 11.251 ; 11.251 ; 11.251 ;
; SW[9]      ; HEX1[1]     ; 11.532 ; 11.532 ; 11.532 ; 11.532 ;
; SW[9]      ; HEX1[2]     ; 11.161 ; 11.161 ; 11.161 ; 11.161 ;
; SW[9]      ; HEX1[3]     ; 10.625 ; 10.625 ; 10.625 ; 10.625 ;
; SW[9]      ; HEX1[4]     ; 10.656 ; 10.656 ; 10.656 ; 10.656 ;
; SW[9]      ; HEX1[5]     ; 11.228 ; 11.228 ; 11.228 ; 11.228 ;
; SW[9]      ; HEX1[6]     ; 10.635 ; 10.635 ; 10.635 ; 10.635 ;
; SW[9]      ; HEX2[0]     ; 11.152 ; 11.152 ; 11.152 ; 11.152 ;
; SW[9]      ; HEX2[1]     ; 11.185 ; 11.185 ; 11.185 ; 11.185 ;
; SW[9]      ; HEX2[2]     ; 11.185 ; 11.185 ; 11.185 ; 11.185 ;
; SW[9]      ; HEX2[3]     ; 11.326 ; 11.326 ; 11.326 ; 11.326 ;
; SW[9]      ; HEX2[4]     ; 11.346 ; 11.346 ; 11.346 ; 11.346 ;
; SW[9]      ; HEX2[5]     ; 11.152 ; 11.152 ; 11.152 ; 11.152 ;
; SW[9]      ; HEX2[6]     ; 11.356 ; 11.356 ; 11.356 ; 11.356 ;
+------------+-------------+--------+--------+--------+--------+


+--------------------------------------------------------------+
; Minimum Propagation Delay                                    ;
+------------+-------------+--------+--------+--------+--------+
; Input Port ; Output Port ; RR     ; RF     ; FR     ; FF     ;
+------------+-------------+--------+--------+--------+--------+
; SW[0]      ; HEX0[0]     ;        ; 11.453 ; 11.453 ;        ;
; SW[0]      ; HEX0[1]     ; 10.852 ;        ;        ; 10.852 ;
; SW[0]      ; HEX0[2]     ; 10.852 ;        ;        ; 10.852 ;
; SW[0]      ; HEX0[5]     ;        ; 11.453 ; 11.453 ;        ;
; SW[0]      ; HEX1[0]     ;        ; 10.914 ; 10.914 ;        ;
; SW[0]      ; HEX1[1]     ; 10.436 ;        ;        ; 10.436 ;
; SW[0]      ; HEX1[2]     ; 10.065 ;        ;        ; 10.065 ;
; SW[0]      ; HEX1[5]     ;        ; 10.891 ; 10.891 ;        ;
; SW[0]      ; HEX2[0]     ;        ; 10.456 ; 10.456 ;        ;
; SW[0]      ; HEX2[1]     ; 10.832 ;        ;        ; 10.832 ;
; SW[0]      ; HEX2[2]     ; 10.832 ;        ;        ; 10.832 ;
; SW[0]      ; HEX2[5]     ;        ; 10.456 ; 10.456 ;        ;
; SW[1]      ; HEX0[0]     ; 11.302 ;        ;        ; 11.302 ;
; SW[1]      ; HEX0[3]     ; 11.563 ;        ;        ; 11.563 ;
; SW[1]      ; HEX0[4]     ; 11.738 ;        ;        ; 11.738 ;
; SW[1]      ; HEX0[5]     ; 11.302 ;        ;        ; 11.302 ;
; SW[1]      ; HEX0[6]     ; 11.583 ;        ;        ; 11.583 ;
; SW[1]      ; HEX1[0]     ; 10.131 ; 10.987 ; 10.987 ; 10.131 ;
; SW[1]      ; HEX1[3]     ; 10.319 ;        ;        ; 10.319 ;
; SW[1]      ; HEX1[4]     ; 10.350 ;        ;        ; 10.350 ;
; SW[1]      ; HEX1[5]     ; 10.108 ; 10.964 ; 10.964 ; 10.108 ;
; SW[1]      ; HEX1[6]     ; 10.329 ;        ;        ; 10.329 ;
; SW[1]      ; HEX2[0]     ; 10.693 ;        ;        ; 10.693 ;
; SW[1]      ; HEX2[3]     ; 11.411 ;        ;        ; 11.411 ;
; SW[1]      ; HEX2[4]     ; 11.431 ;        ;        ; 11.431 ;
; SW[1]      ; HEX2[5]     ; 10.693 ;        ;        ; 10.693 ;
; SW[1]      ; HEX2[6]     ; 11.441 ;        ;        ; 11.441 ;
; SW[2]      ; HEX0[0]     ;        ; 11.079 ; 11.079 ;        ;
; SW[2]      ; HEX0[1]     ; 10.478 ;        ;        ; 10.478 ;
; SW[2]      ; HEX0[2]     ; 10.478 ;        ;        ; 10.478 ;
; SW[2]      ; HEX0[5]     ;        ; 11.079 ; 11.079 ;        ;
; SW[2]      ; HEX1[0]     ;        ; 10.508 ; 10.508 ;        ;
; SW[2]      ; HEX1[1]     ; 11.176 ;        ;        ; 11.176 ;
; SW[2]      ; HEX1[2]     ; 10.805 ;        ;        ; 10.805 ;
; SW[2]      ; HEX1[5]     ;        ; 10.485 ; 10.485 ;        ;
; SW[2]      ; HEX2[0]     ;        ; 10.430 ; 10.430 ;        ;
; SW[2]      ; HEX2[1]     ; 10.015 ;        ;        ; 10.015 ;
; SW[2]      ; HEX2[2]     ; 10.015 ;        ;        ; 10.015 ;
; SW[2]      ; HEX2[5]     ;        ; 10.430 ; 10.430 ;        ;
; SW[3]      ; HEX0[0]     ; 11.208 ;        ;        ; 11.208 ;
; SW[3]      ; HEX0[3]     ; 11.469 ;        ;        ; 11.469 ;
; SW[3]      ; HEX0[4]     ; 11.644 ;        ;        ; 11.644 ;
; SW[3]      ; HEX0[5]     ; 11.208 ;        ;        ; 11.208 ;
; SW[3]      ; HEX0[6]     ; 11.489 ;        ;        ; 11.489 ;
; SW[3]      ; HEX1[0]     ; 10.792 ;        ;        ; 10.792 ;
; SW[3]      ; HEX1[3]     ; 10.575 ;        ;        ; 10.575 ;
; SW[3]      ; HEX1[4]     ; 10.606 ;        ;        ; 10.606 ;
; SW[3]      ; HEX1[5]     ; 10.769 ;        ;        ; 10.769 ;
; SW[3]      ; HEX1[6]     ; 10.585 ;        ;        ; 10.585 ;
; SW[3]      ; HEX2[0]     ; 9.945  ; 10.796 ; 10.796 ; 9.945  ;
; SW[3]      ; HEX2[3]     ; 10.741 ;        ;        ; 10.741 ;
; SW[3]      ; HEX2[4]     ; 10.761 ;        ;        ; 10.761 ;
; SW[3]      ; HEX2[5]     ; 9.945  ; 10.796 ; 10.796 ; 9.945  ;
; SW[3]      ; HEX2[6]     ; 10.771 ;        ;        ; 10.771 ;
; SW[4]      ; HEX0[0]     ;        ; 11.127 ; 11.127 ;        ;
; SW[4]      ; HEX0[1]     ; 10.081 ;        ;        ; 10.081 ;
; SW[4]      ; HEX0[2]     ; 10.081 ;        ;        ; 10.081 ;
; SW[4]      ; HEX0[5]     ;        ; 11.127 ; 11.127 ;        ;
; SW[4]      ; HEX1[0]     ;        ; 10.610 ; 10.610 ;        ;
; SW[4]      ; HEX1[1]     ; 11.278 ;        ;        ; 11.278 ;
; SW[4]      ; HEX1[2]     ; 10.907 ;        ;        ; 10.907 ;
; SW[4]      ; HEX1[5]     ;        ; 10.587 ; 10.587 ;        ;
; SW[4]      ; HEX2[0]     ;        ; 10.552 ; 10.552 ;        ;
; SW[4]      ; HEX2[1]     ; 10.928 ;        ;        ; 10.928 ;
; SW[4]      ; HEX2[2]     ; 10.928 ;        ;        ; 10.928 ;
; SW[4]      ; HEX2[5]     ;        ; 10.552 ; 10.552 ;        ;
; SW[5]      ; HEX0[0]     ; 9.961  ; 10.772 ; 10.772 ; 9.961  ;
; SW[5]      ; HEX0[3]     ; 10.311 ;        ;        ; 10.311 ;
; SW[5]      ; HEX0[4]     ; 10.486 ;        ;        ; 10.486 ;
; SW[5]      ; HEX0[5]     ; 9.961  ; 10.772 ; 10.772 ; 9.961  ;
; SW[5]      ; HEX0[6]     ; 10.331 ;        ;        ; 10.331 ;
; SW[5]      ; HEX1[0]     ; 10.762 ;        ;        ; 10.762 ;
; SW[5]      ; HEX1[3]     ; 10.545 ;        ;        ; 10.545 ;
; SW[5]      ; HEX1[4]     ; 10.576 ;        ;        ; 10.576 ;
; SW[5]      ; HEX1[5]     ; 10.739 ;        ;        ; 10.739 ;
; SW[5]      ; HEX1[6]     ; 10.555 ;        ;        ; 10.555 ;
; SW[5]      ; HEX2[0]     ; 11.267 ;        ;        ; 11.267 ;
; SW[5]      ; HEX2[3]     ; 11.985 ;        ;        ; 11.985 ;
; SW[5]      ; HEX2[4]     ; 12.005 ;        ;        ; 12.005 ;
; SW[5]      ; HEX2[5]     ; 11.267 ;        ;        ; 11.267 ;
; SW[5]      ; HEX2[6]     ; 12.015 ;        ;        ; 12.015 ;
; SW[8]      ; HEX0[0]     ; 10.536 ; 10.536 ; 10.536 ; 10.536 ;
; SW[8]      ; HEX0[1]     ; 10.013 ; 10.877 ; 10.877 ; 10.013 ;
; SW[8]      ; HEX0[2]     ; 10.013 ; 10.877 ; 10.877 ; 10.013 ;
; SW[8]      ; HEX0[3]     ; 10.725 ; 11.504 ; 11.504 ; 10.725 ;
; SW[8]      ; HEX0[4]     ; 10.900 ; 11.679 ; 11.679 ; 10.900 ;
; SW[8]      ; HEX0[5]     ; 10.536 ; 10.536 ; 10.536 ; 10.536 ;
; SW[8]      ; HEX0[6]     ; 10.745 ; 11.524 ; 11.524 ; 10.745 ;
; SW[8]      ; HEX1[0]     ; 10.538 ; 10.923 ; 10.923 ; 10.538 ;
; SW[8]      ; HEX1[1]     ; 10.451 ; 11.206 ; 11.206 ; 10.451 ;
; SW[8]      ; HEX1[2]     ; 10.080 ; 10.835 ; 10.835 ; 10.080 ;
; SW[8]      ; HEX1[3]     ; 10.018 ; 10.898 ; 10.898 ; 10.018 ;
; SW[8]      ; HEX1[4]     ; 10.049 ; 10.929 ; 10.929 ; 10.049 ;
; SW[8]      ; HEX1[5]     ; 10.515 ; 10.900 ; 10.900 ; 10.515 ;
; SW[8]      ; HEX1[6]     ; 10.028 ; 10.908 ; 10.908 ; 10.028 ;
; SW[8]      ; HEX2[0]     ; 10.486 ; 10.830 ; 10.830 ; 10.486 ;
; SW[8]      ; HEX2[1]     ; 10.043 ; 10.862 ; 10.862 ; 10.043 ;
; SW[8]      ; HEX2[2]     ; 10.043 ; 10.862 ; 10.862 ; 10.043 ;
; SW[8]      ; HEX2[3]     ; 10.771 ; 11.636 ; 11.636 ; 10.771 ;
; SW[8]      ; HEX2[4]     ; 10.791 ; 11.656 ; 11.656 ; 10.791 ;
; SW[8]      ; HEX2[5]     ; 10.486 ; 10.830 ; 10.830 ; 10.486 ;
; SW[8]      ; HEX2[6]     ; 10.801 ; 11.666 ; 11.666 ; 10.801 ;
; SW[9]      ; HEX0[0]     ; 11.042 ; 11.042 ; 11.042 ; 11.042 ;
; SW[9]      ; HEX0[1]     ; 11.200 ; 10.336 ; 10.336 ; 11.200 ;
; SW[9]      ; HEX0[2]     ; 11.200 ; 10.336 ; 10.336 ; 11.200 ;
; SW[9]      ; HEX0[3]     ; 11.827 ; 10.395 ; 10.395 ; 11.827 ;
; SW[9]      ; HEX0[4]     ; 12.002 ; 10.570 ; 10.570 ; 12.002 ;
; SW[9]      ; HEX0[5]     ; 11.042 ; 11.042 ; 11.042 ; 11.042 ;
; SW[9]      ; HEX0[6]     ; 11.847 ; 10.415 ; 10.415 ; 11.847 ;
; SW[9]      ; HEX1[0]     ; 10.842 ; 10.842 ; 10.842 ; 10.842 ;
; SW[9]      ; HEX1[1]     ; 11.532 ; 10.776 ; 10.776 ; 11.532 ;
; SW[9]      ; HEX1[2]     ; 11.161 ; 10.405 ; 10.405 ; 11.161 ;
; SW[9]      ; HEX1[3]     ; 10.625 ; 10.346 ; 10.346 ; 10.625 ;
; SW[9]      ; HEX1[4]     ; 10.656 ; 10.377 ; 10.377 ; 10.656 ;
; SW[9]      ; HEX1[5]     ; 10.819 ; 10.819 ; 10.819 ; 10.819 ;
; SW[9]      ; HEX1[6]     ; 10.635 ; 10.356 ; 10.356 ; 10.635 ;
; SW[9]      ; HEX2[0]     ; 10.608 ; 10.608 ; 10.608 ; 10.608 ;
; SW[9]      ; HEX2[1]     ; 11.185 ; 10.369 ; 10.369 ; 11.185 ;
; SW[9]      ; HEX2[2]     ; 11.185 ; 10.369 ; 10.369 ; 11.185 ;
; SW[9]      ; HEX2[3]     ; 11.326 ; 11.093 ; 11.093 ; 11.326 ;
; SW[9]      ; HEX2[4]     ; 11.346 ; 11.113 ; 11.113 ; 11.346 ;
; SW[9]      ; HEX2[5]     ; 10.608 ; 10.608 ; 10.608 ; 10.608 ;
; SW[9]      ; HEX2[6]     ; 11.356 ; 11.123 ; 11.123 ; 11.356 ;
+------------+-------------+--------+--------+--------+--------+


----------------------------
; Fast Model Setup Summary ;
----------------------------
No paths to report.


---------------------------
; Fast Model Hold Summary ;
---------------------------
No paths to report.


-------------------------------
; Fast Model Recovery Summary ;
-------------------------------
No paths to report.


------------------------------
; Fast Model Removal Summary ;
------------------------------
No paths to report.


------------------------------------------
; Fast Model Minimum Pulse Width Summary ;
------------------------------------------
No paths to report.


+----------------------------------------------------------+
; Propagation Delay                                        ;
+------------+-------------+-------+-------+-------+-------+
; Input Port ; Output Port ; RR    ; RF    ; FR    ; FF    ;
+------------+-------------+-------+-------+-------+-------+
; SW[0]      ; HEX0[0]     ;       ; 5.652 ; 5.652 ;       ;
; SW[0]      ; HEX0[1]     ; 5.411 ;       ;       ; 5.411 ;
; SW[0]      ; HEX0[2]     ; 5.411 ;       ;       ; 5.411 ;
; SW[0]      ; HEX0[5]     ;       ; 5.652 ; 5.652 ;       ;
; SW[0]      ; HEX1[0]     ;       ; 5.453 ; 5.453 ;       ;
; SW[0]      ; HEX1[1]     ; 5.326 ;       ;       ; 5.326 ;
; SW[0]      ; HEX1[2]     ; 5.166 ;       ;       ; 5.166 ;
; SW[0]      ; HEX1[5]     ;       ; 5.445 ; 5.445 ;       ;
; SW[0]      ; HEX2[0]     ;       ; 5.274 ; 5.274 ;       ;
; SW[0]      ; HEX2[1]     ; 5.450 ;       ;       ; 5.450 ;
; SW[0]      ; HEX2[2]     ; 5.450 ;       ;       ; 5.450 ;
; SW[0]      ; HEX2[5]     ;       ; 5.274 ; 5.274 ;       ;
; SW[1]      ; HEX0[0]     ; 5.612 ;       ;       ; 5.612 ;
; SW[1]      ; HEX0[3]     ; 5.713 ;       ;       ; 5.713 ;
; SW[1]      ; HEX0[4]     ; 5.843 ;       ;       ; 5.843 ;
; SW[1]      ; HEX0[5]     ; 5.612 ;       ;       ; 5.612 ;
; SW[1]      ; HEX0[6]     ; 5.733 ;       ;       ; 5.733 ;
; SW[1]      ; HEX1[0]     ; 5.487 ; 5.487 ; 5.487 ; 5.487 ;
; SW[1]      ; HEX1[3]     ; 5.241 ;       ;       ; 5.241 ;
; SW[1]      ; HEX1[4]     ; 5.254 ;       ;       ; 5.254 ;
; SW[1]      ; HEX1[5]     ; 5.479 ; 5.479 ; 5.479 ; 5.479 ;
; SW[1]      ; HEX1[6]     ; 5.251 ;       ;       ; 5.251 ;
; SW[1]      ; HEX2[0]     ; 5.366 ;       ;       ; 5.366 ;
; SW[1]      ; HEX2[3]     ; 5.744 ;       ;       ; 5.744 ;
; SW[1]      ; HEX2[4]     ; 5.764 ;       ;       ; 5.764 ;
; SW[1]      ; HEX2[5]     ; 5.366 ;       ;       ; 5.366 ;
; SW[1]      ; HEX2[6]     ; 5.774 ;       ;       ; 5.774 ;
; SW[2]      ; HEX0[0]     ;       ; 5.510 ; 5.510 ;       ;
; SW[2]      ; HEX0[1]     ; 5.269 ;       ;       ; 5.269 ;
; SW[2]      ; HEX0[2]     ; 5.269 ;       ;       ; 5.269 ;
; SW[2]      ; HEX0[5]     ;       ; 5.510 ; 5.510 ;       ;
; SW[2]      ; HEX1[0]     ;       ; 5.308 ; 5.308 ;       ;
; SW[2]      ; HEX1[1]     ; 5.604 ;       ;       ; 5.604 ;
; SW[2]      ; HEX1[2]     ; 5.444 ;       ;       ; 5.444 ;
; SW[2]      ; HEX1[5]     ;       ; 5.300 ; 5.300 ;       ;
; SW[2]      ; HEX2[0]     ;       ; 5.254 ; 5.254 ;       ;
; SW[2]      ; HEX2[1]     ; 5.137 ;       ;       ; 5.137 ;
; SW[2]      ; HEX2[2]     ; 5.137 ;       ;       ; 5.137 ;
; SW[2]      ; HEX2[5]     ;       ; 5.254 ; 5.254 ;       ;
; SW[3]      ; HEX0[0]     ; 5.555 ;       ;       ; 5.555 ;
; SW[3]      ; HEX0[3]     ; 5.656 ;       ;       ; 5.656 ;
; SW[3]      ; HEX0[4]     ; 5.786 ;       ;       ; 5.786 ;
; SW[3]      ; HEX0[5]     ; 5.555 ;       ;       ; 5.555 ;
; SW[3]      ; HEX0[6]     ; 5.676 ;       ;       ; 5.676 ;
; SW[3]      ; HEX1[0]     ; 5.420 ;       ;       ; 5.420 ;
; SW[3]      ; HEX1[3]     ; 5.332 ;       ;       ; 5.332 ;
; SW[3]      ; HEX1[4]     ; 5.345 ;       ;       ; 5.345 ;
; SW[3]      ; HEX1[5]     ; 5.412 ;       ;       ; 5.412 ;
; SW[3]      ; HEX1[6]     ; 5.342 ;       ;       ; 5.342 ;
; SW[3]      ; HEX2[0]     ; 5.379 ; 5.379 ; 5.379 ; 5.379 ;
; SW[3]      ; HEX2[3]     ; 5.470 ;       ;       ; 5.470 ;
; SW[3]      ; HEX2[4]     ; 5.490 ;       ;       ; 5.490 ;
; SW[3]      ; HEX2[5]     ; 5.379 ; 5.379 ; 5.379 ; 5.379 ;
; SW[3]      ; HEX2[6]     ; 5.500 ;       ;       ; 5.500 ;
; SW[4]      ; HEX0[0]     ;       ; 5.525 ; 5.525 ;       ;
; SW[4]      ; HEX0[1]     ; 5.168 ;       ;       ; 5.168 ;
; SW[4]      ; HEX0[2]     ; 5.168 ;       ;       ; 5.168 ;
; SW[4]      ; HEX0[5]     ;       ; 5.525 ; 5.525 ;       ;
; SW[4]      ; HEX1[0]     ;       ; 5.373 ; 5.373 ;       ;
; SW[4]      ; HEX1[1]     ; 5.669 ;       ;       ; 5.669 ;
; SW[4]      ; HEX1[2]     ; 5.509 ;       ;       ; 5.509 ;
; SW[4]      ; HEX1[5]     ;       ; 5.365 ; 5.365 ;       ;
; SW[4]      ; HEX2[0]     ;       ; 5.329 ; 5.329 ;       ;
; SW[4]      ; HEX2[1]     ; 5.505 ;       ;       ; 5.505 ;
; SW[4]      ; HEX2[2]     ; 5.505 ;       ;       ; 5.505 ;
; SW[4]      ; HEX2[5]     ;       ; 5.329 ; 5.329 ;       ;
; SW[5]      ; HEX0[0]     ; 5.418 ; 5.418 ; 5.418 ; 5.418 ;
; SW[5]      ; HEX0[3]     ; 5.303 ;       ;       ; 5.303 ;
; SW[5]      ; HEX0[4]     ; 5.433 ;       ;       ; 5.433 ;
; SW[5]      ; HEX0[5]     ; 5.418 ; 5.418 ; 5.418 ; 5.418 ;
; SW[5]      ; HEX0[6]     ; 5.323 ;       ;       ; 5.323 ;
; SW[5]      ; HEX1[0]     ; 5.472 ;       ;       ; 5.472 ;
; SW[5]      ; HEX1[3]     ; 5.384 ;       ;       ; 5.384 ;
; SW[5]      ; HEX1[4]     ; 5.397 ;       ;       ; 5.397 ;
; SW[5]      ; HEX1[5]     ; 5.464 ;       ;       ; 5.464 ;
; SW[5]      ; HEX1[6]     ; 5.394 ;       ;       ; 5.394 ;
; SW[5]      ; HEX2[0]     ; 5.586 ;       ;       ; 5.586 ;
; SW[5]      ; HEX2[3]     ; 5.964 ;       ;       ; 5.964 ;
; SW[5]      ; HEX2[4]     ; 5.984 ;       ;       ; 5.984 ;
; SW[5]      ; HEX2[5]     ; 5.586 ;       ;       ; 5.586 ;
; SW[5]      ; HEX2[6]     ; 5.994 ;       ;       ; 5.994 ;
; SW[8]      ; HEX0[0]     ; 5.688 ; 5.608 ; 5.608 ; 5.688 ;
; SW[8]      ; HEX0[1]     ; 5.153 ; 5.447 ; 5.447 ; 5.153 ;
; SW[8]      ; HEX0[2]     ; 5.153 ; 5.447 ; 5.447 ; 5.153 ;
; SW[8]      ; HEX0[3]     ; 5.429 ; 5.709 ; 5.709 ; 5.429 ;
; SW[8]      ; HEX0[4]     ; 5.559 ; 5.839 ; 5.839 ; 5.559 ;
; SW[8]      ; HEX0[5]     ; 5.688 ; 5.608 ; 5.608 ; 5.688 ;
; SW[8]      ; HEX0[6]     ; 5.449 ; 5.729 ; 5.729 ; 5.449 ;
; SW[8]      ; HEX1[0]     ; 5.482 ; 5.597 ; 5.597 ; 5.482 ;
; SW[8]      ; HEX1[1]     ; 5.362 ; 5.650 ; 5.650 ; 5.362 ;
; SW[8]      ; HEX1[2]     ; 5.202 ; 5.490 ; 5.490 ; 5.202 ;
; SW[8]      ; HEX1[3]     ; 5.160 ; 5.509 ; 5.509 ; 5.160 ;
; SW[8]      ; HEX1[4]     ; 5.173 ; 5.522 ; 5.522 ; 5.173 ;
; SW[8]      ; HEX1[5]     ; 5.474 ; 5.589 ; 5.589 ; 5.474 ;
; SW[8]      ; HEX1[6]     ; 5.170 ; 5.519 ; 5.519 ; 5.170 ;
; SW[8]      ; HEX2[0]     ; 5.436 ; 5.478 ; 5.478 ; 5.436 ;
; SW[8]      ; HEX2[1]     ; 5.184 ; 5.491 ; 5.491 ; 5.184 ;
; SW[8]      ; HEX2[2]     ; 5.184 ; 5.491 ; 5.491 ; 5.184 ;
; SW[8]      ; HEX2[3]     ; 5.524 ; 5.856 ; 5.856 ; 5.524 ;
; SW[8]      ; HEX2[4]     ; 5.544 ; 5.876 ; 5.876 ; 5.544 ;
; SW[8]      ; HEX2[5]     ; 5.436 ; 5.478 ; 5.478 ; 5.436 ;
; SW[8]      ; HEX2[6]     ; 5.554 ; 5.886 ; 5.886 ; 5.554 ;
; SW[9]      ; HEX0[0]     ; 5.789 ; 5.789 ; 5.789 ; 5.789 ;
; SW[9]      ; HEX0[1]     ; 5.548 ; 5.548 ; 5.548 ; 5.548 ;
; SW[9]      ; HEX0[2]     ; 5.548 ; 5.548 ; 5.548 ; 5.548 ;
; SW[9]      ; HEX0[3]     ; 5.809 ; 5.809 ; 5.809 ; 5.809 ;
; SW[9]      ; HEX0[4]     ; 5.939 ; 5.939 ; 5.939 ; 5.939 ;
; SW[9]      ; HEX0[5]     ; 5.789 ; 5.789 ; 5.789 ; 5.789 ;
; SW[9]      ; HEX0[6]     ; 5.829 ; 5.829 ; 5.829 ; 5.829 ;
; SW[9]      ; HEX1[0]     ; 5.586 ; 5.586 ; 5.586 ; 5.586 ;
; SW[9]      ; HEX1[1]     ; 5.752 ; 5.752 ; 5.752 ; 5.752 ;
; SW[9]      ; HEX1[2]     ; 5.592 ; 5.592 ; 5.592 ; 5.592 ;
; SW[9]      ; HEX1[3]     ; 5.353 ; 5.353 ; 5.353 ; 5.353 ;
; SW[9]      ; HEX1[4]     ; 5.366 ; 5.366 ; 5.366 ; 5.366 ;
; SW[9]      ; HEX1[5]     ; 5.578 ; 5.578 ; 5.578 ; 5.578 ;
; SW[9]      ; HEX1[6]     ; 5.363 ; 5.363 ; 5.363 ; 5.363 ;
; SW[9]      ; HEX2[0]     ; 5.532 ; 5.532 ; 5.532 ; 5.532 ;
; SW[9]      ; HEX2[1]     ; 5.592 ; 5.592 ; 5.592 ; 5.592 ;
; SW[9]      ; HEX2[2]     ; 5.592 ; 5.592 ; 5.592 ; 5.592 ;
; SW[9]      ; HEX2[3]     ; 5.718 ; 5.718 ; 5.718 ; 5.718 ;
; SW[9]      ; HEX2[4]     ; 5.738 ; 5.738 ; 5.738 ; 5.738 ;
; SW[9]      ; HEX2[5]     ; 5.532 ; 5.532 ; 5.532 ; 5.532 ;
; SW[9]      ; HEX2[6]     ; 5.748 ; 5.748 ; 5.748 ; 5.748 ;
+------------+-------------+-------+-------+-------+-------+


+----------------------------------------------------------+
; Minimum Propagation Delay                                ;
+------------+-------------+-------+-------+-------+-------+
; Input Port ; Output Port ; RR    ; RF    ; FR    ; FF    ;
+------------+-------------+-------+-------+-------+-------+
; SW[0]      ; HEX0[0]     ;       ; 5.652 ; 5.652 ;       ;
; SW[0]      ; HEX0[1]     ; 5.411 ;       ;       ; 5.411 ;
; SW[0]      ; HEX0[2]     ; 5.411 ;       ;       ; 5.411 ;
; SW[0]      ; HEX0[5]     ;       ; 5.652 ; 5.652 ;       ;
; SW[0]      ; HEX1[0]     ;       ; 5.453 ; 5.453 ;       ;
; SW[0]      ; HEX1[1]     ; 5.326 ;       ;       ; 5.326 ;
; SW[0]      ; HEX1[2]     ; 5.166 ;       ;       ; 5.166 ;
; SW[0]      ; HEX1[5]     ;       ; 5.445 ; 5.445 ;       ;
; SW[0]      ; HEX2[0]     ;       ; 5.274 ; 5.274 ;       ;
; SW[0]      ; HEX2[1]     ; 5.450 ;       ;       ; 5.450 ;
; SW[0]      ; HEX2[2]     ; 5.450 ;       ;       ; 5.450 ;
; SW[0]      ; HEX2[5]     ;       ; 5.274 ; 5.274 ;       ;
; SW[1]      ; HEX0[0]     ; 5.612 ;       ;       ; 5.612 ;
; SW[1]      ; HEX0[3]     ; 5.713 ;       ;       ; 5.713 ;
; SW[1]      ; HEX0[4]     ; 5.843 ;       ;       ; 5.843 ;
; SW[1]      ; HEX0[5]     ; 5.612 ;       ;       ; 5.612 ;
; SW[1]      ; HEX0[6]     ; 5.733 ;       ;       ; 5.733 ;
; SW[1]      ; HEX1[0]     ; 5.196 ; 5.487 ; 5.487 ; 5.196 ;
; SW[1]      ; HEX1[3]     ; 5.241 ;       ;       ; 5.241 ;
; SW[1]      ; HEX1[4]     ; 5.254 ;       ;       ; 5.254 ;
; SW[1]      ; HEX1[5]     ; 5.188 ; 5.479 ; 5.479 ; 5.188 ;
; SW[1]      ; HEX1[6]     ; 5.251 ;       ;       ; 5.251 ;
; SW[1]      ; HEX2[0]     ; 5.366 ;       ;       ; 5.366 ;
; SW[1]      ; HEX2[3]     ; 5.744 ;       ;       ; 5.744 ;
; SW[1]      ; HEX2[4]     ; 5.764 ;       ;       ; 5.764 ;
; SW[1]      ; HEX2[5]     ; 5.366 ;       ;       ; 5.366 ;
; SW[1]      ; HEX2[6]     ; 5.774 ;       ;       ; 5.774 ;
; SW[2]      ; HEX0[0]     ;       ; 5.510 ; 5.510 ;       ;
; SW[2]      ; HEX0[1]     ; 5.269 ;       ;       ; 5.269 ;
; SW[2]      ; HEX0[2]     ; 5.269 ;       ;       ; 5.269 ;
; SW[2]      ; HEX0[5]     ;       ; 5.510 ; 5.510 ;       ;
; SW[2]      ; HEX1[0]     ;       ; 5.308 ; 5.308 ;       ;
; SW[2]      ; HEX1[1]     ; 5.604 ;       ;       ; 5.604 ;
; SW[2]      ; HEX1[2]     ; 5.444 ;       ;       ; 5.444 ;
; SW[2]      ; HEX1[5]     ;       ; 5.300 ; 5.300 ;       ;
; SW[2]      ; HEX2[0]     ;       ; 5.254 ; 5.254 ;       ;
; SW[2]      ; HEX2[1]     ; 5.137 ;       ;       ; 5.137 ;
; SW[2]      ; HEX2[2]     ; 5.137 ;       ;       ; 5.137 ;
; SW[2]      ; HEX2[5]     ;       ; 5.254 ; 5.254 ;       ;
; SW[3]      ; HEX0[0]     ; 5.555 ;       ;       ; 5.555 ;
; SW[3]      ; HEX0[3]     ; 5.656 ;       ;       ; 5.656 ;
; SW[3]      ; HEX0[4]     ; 5.786 ;       ;       ; 5.786 ;
; SW[3]      ; HEX0[5]     ; 5.555 ;       ;       ; 5.555 ;
; SW[3]      ; HEX0[6]     ; 5.676 ;       ;       ; 5.676 ;
; SW[3]      ; HEX1[0]     ; 5.420 ;       ;       ; 5.420 ;
; SW[3]      ; HEX1[3]     ; 5.332 ;       ;       ; 5.332 ;
; SW[3]      ; HEX1[4]     ; 5.345 ;       ;       ; 5.345 ;
; SW[3]      ; HEX1[5]     ; 5.412 ;       ;       ; 5.412 ;
; SW[3]      ; HEX1[6]     ; 5.342 ;       ;       ; 5.342 ;
; SW[3]      ; HEX2[0]     ; 5.098 ; 5.379 ; 5.379 ; 5.098 ;
; SW[3]      ; HEX2[3]     ; 5.470 ;       ;       ; 5.470 ;
; SW[3]      ; HEX2[4]     ; 5.490 ;       ;       ; 5.490 ;
; SW[3]      ; HEX2[5]     ; 5.098 ; 5.379 ; 5.379 ; 5.098 ;
; SW[3]      ; HEX2[6]     ; 5.500 ;       ;       ; 5.500 ;
; SW[4]      ; HEX0[0]     ;       ; 5.525 ; 5.525 ;       ;
; SW[4]      ; HEX0[1]     ; 5.168 ;       ;       ; 5.168 ;
; SW[4]      ; HEX0[2]     ; 5.168 ;       ;       ; 5.168 ;
; SW[4]      ; HEX0[5]     ;       ; 5.525 ; 5.525 ;       ;
; SW[4]      ; HEX1[0]     ;       ; 5.373 ; 5.373 ;       ;
; SW[4]      ; HEX1[1]     ; 5.669 ;       ;       ; 5.669 ;
; SW[4]      ; HEX1[2]     ; 5.509 ;       ;       ; 5.509 ;
; SW[4]      ; HEX1[5]     ;       ; 5.365 ; 5.365 ;       ;
; SW[4]      ; HEX2[0]     ;       ; 5.329 ; 5.329 ;       ;
; SW[4]      ; HEX2[1]     ; 5.505 ;       ;       ; 5.505 ;
; SW[4]      ; HEX2[2]     ; 5.505 ;       ;       ; 5.505 ;
; SW[4]      ; HEX2[5]     ;       ; 5.329 ; 5.329 ;       ;
; SW[5]      ; HEX0[0]     ; 5.135 ; 5.418 ; 5.418 ; 5.135 ;
; SW[5]      ; HEX0[3]     ; 5.303 ;       ;       ; 5.303 ;
; SW[5]      ; HEX0[4]     ; 5.433 ;       ;       ; 5.433 ;
; SW[5]      ; HEX0[5]     ; 5.135 ; 5.418 ; 5.418 ; 5.135 ;
; SW[5]      ; HEX0[6]     ; 5.323 ;       ;       ; 5.323 ;
; SW[5]      ; HEX1[0]     ; 5.472 ;       ;       ; 5.472 ;
; SW[5]      ; HEX1[3]     ; 5.384 ;       ;       ; 5.384 ;
; SW[5]      ; HEX1[4]     ; 5.397 ;       ;       ; 5.397 ;
; SW[5]      ; HEX1[5]     ; 5.464 ;       ;       ; 5.464 ;
; SW[5]      ; HEX1[6]     ; 5.394 ;       ;       ; 5.394 ;
; SW[5]      ; HEX2[0]     ; 5.586 ;       ;       ; 5.586 ;
; SW[5]      ; HEX2[3]     ; 5.964 ;       ;       ; 5.964 ;
; SW[5]      ; HEX2[4]     ; 5.984 ;       ;       ; 5.984 ;
; SW[5]      ; HEX2[5]     ; 5.586 ;       ;       ; 5.586 ;
; SW[5]      ; HEX2[6]     ; 5.994 ;       ;       ; 5.994 ;
; SW[8]      ; HEX0[0]     ; 5.306 ; 5.306 ; 5.306 ; 5.306 ;
; SW[8]      ; HEX0[1]     ; 5.153 ; 5.447 ; 5.447 ; 5.153 ;
; SW[8]      ; HEX0[2]     ; 5.153 ; 5.447 ; 5.447 ; 5.153 ;
; SW[8]      ; HEX0[3]     ; 5.429 ; 5.709 ; 5.709 ; 5.429 ;
; SW[8]      ; HEX0[4]     ; 5.559 ; 5.839 ; 5.839 ; 5.559 ;
; SW[8]      ; HEX0[5]     ; 5.306 ; 5.306 ; 5.306 ; 5.306 ;
; SW[8]      ; HEX0[6]     ; 5.449 ; 5.729 ; 5.729 ; 5.449 ;
; SW[8]      ; HEX1[0]     ; 5.354 ; 5.482 ; 5.482 ; 5.354 ;
; SW[8]      ; HEX1[1]     ; 5.362 ; 5.650 ; 5.650 ; 5.362 ;
; SW[8]      ; HEX1[2]     ; 5.202 ; 5.490 ; 5.490 ; 5.202 ;
; SW[8]      ; HEX1[3]     ; 5.160 ; 5.509 ; 5.509 ; 5.160 ;
; SW[8]      ; HEX1[4]     ; 5.173 ; 5.522 ; 5.522 ; 5.173 ;
; SW[8]      ; HEX1[5]     ; 5.346 ; 5.474 ; 5.474 ; 5.346 ;
; SW[8]      ; HEX1[6]     ; 5.170 ; 5.519 ; 5.519 ; 5.170 ;
; SW[8]      ; HEX2[0]     ; 5.315 ; 5.436 ; 5.436 ; 5.315 ;
; SW[8]      ; HEX2[1]     ; 5.184 ; 5.491 ; 5.491 ; 5.184 ;
; SW[8]      ; HEX2[2]     ; 5.184 ; 5.491 ; 5.491 ; 5.184 ;
; SW[8]      ; HEX2[3]     ; 5.524 ; 5.856 ; 5.856 ; 5.524 ;
; SW[8]      ; HEX2[4]     ; 5.544 ; 5.876 ; 5.876 ; 5.544 ;
; SW[8]      ; HEX2[5]     ; 5.315 ; 5.436 ; 5.436 ; 5.315 ;
; SW[8]      ; HEX2[6]     ; 5.554 ; 5.886 ; 5.886 ; 5.554 ;
; SW[9]      ; HEX0[0]     ; 5.500 ; 5.500 ; 5.500 ; 5.500 ;
; SW[9]      ; HEX0[1]     ; 5.548 ; 5.249 ; 5.249 ; 5.548 ;
; SW[9]      ; HEX0[2]     ; 5.548 ; 5.249 ; 5.249 ; 5.548 ;
; SW[9]      ; HEX0[3]     ; 5.809 ; 5.277 ; 5.277 ; 5.809 ;
; SW[9]      ; HEX0[4]     ; 5.939 ; 5.407 ; 5.407 ; 5.939 ;
; SW[9]      ; HEX0[5]     ; 5.500 ; 5.500 ; 5.500 ; 5.500 ;
; SW[9]      ; HEX0[6]     ; 5.829 ; 5.297 ; 5.297 ; 5.829 ;
; SW[9]      ; HEX1[0]     ; 5.441 ; 5.441 ; 5.441 ; 5.441 ;
; SW[9]      ; HEX1[1]     ; 5.752 ; 5.459 ; 5.459 ; 5.752 ;
; SW[9]      ; HEX1[2]     ; 5.592 ; 5.299 ; 5.299 ; 5.592 ;
; SW[9]      ; HEX1[3]     ; 5.353 ; 5.261 ; 5.261 ; 5.353 ;
; SW[9]      ; HEX1[4]     ; 5.366 ; 5.274 ; 5.274 ; 5.366 ;
; SW[9]      ; HEX1[5]     ; 5.433 ; 5.433 ; 5.433 ; 5.433 ;
; SW[9]      ; HEX1[6]     ; 5.363 ; 5.271 ; 5.271 ; 5.363 ;
; SW[9]      ; HEX2[0]     ; 5.340 ; 5.340 ; 5.340 ; 5.340 ;
; SW[9]      ; HEX2[1]     ; 5.592 ; 5.283 ; 5.283 ; 5.592 ;
; SW[9]      ; HEX2[2]     ; 5.592 ; 5.283 ; 5.283 ; 5.592 ;
; SW[9]      ; HEX2[3]     ; 5.718 ; 5.620 ; 5.620 ; 5.718 ;
; SW[9]      ; HEX2[4]     ; 5.738 ; 5.640 ; 5.640 ; 5.738 ;
; SW[9]      ; HEX2[5]     ; 5.340 ; 5.340 ; 5.340 ; 5.340 ;
; SW[9]      ; HEX2[6]     ; 5.748 ; 5.650 ; 5.650 ; 5.748 ;
+------------+-------------+-------+-------+-------+-------+


+----------------------------------------------------------------------------+
; Multicorner Timing Analysis Summary                                        ;
+------------------+-------+------+----------+---------+---------------------+
; Clock            ; Setup ; Hold ; Recovery ; Removal ; Minimum Pulse Width ;
+------------------+-------+------+----------+---------+---------------------+
; Worst-case Slack ; N/A   ; N/A  ; N/A      ; N/A     ; N/A                 ;
; Design-wide TNS  ; 0.0   ; 0.0  ; 0.0      ; 0.0     ; 0.0                 ;
+------------------+-------+------+----------+---------+---------------------+


+--------------------------------------------------------------+
; Progagation Delay                                            ;
+------------+-------------+--------+--------+--------+--------+
; Input Port ; Output Port ; RR     ; RF     ; FR     ; FF     ;
+------------+-------------+--------+--------+--------+--------+
; SW[0]      ; HEX0[0]     ;        ; 11.453 ; 11.453 ;        ;
; SW[0]      ; HEX0[1]     ; 10.852 ;        ;        ; 10.852 ;
; SW[0]      ; HEX0[2]     ; 10.852 ;        ;        ; 10.852 ;
; SW[0]      ; HEX0[5]     ;        ; 11.453 ; 11.453 ;        ;
; SW[0]      ; HEX1[0]     ;        ; 10.914 ; 10.914 ;        ;
; SW[0]      ; HEX1[1]     ; 10.436 ;        ;        ; 10.436 ;
; SW[0]      ; HEX1[2]     ; 10.065 ;        ;        ; 10.065 ;
; SW[0]      ; HEX1[5]     ;        ; 10.891 ; 10.891 ;        ;
; SW[0]      ; HEX2[0]     ;        ; 10.456 ; 10.456 ;        ;
; SW[0]      ; HEX2[1]     ; 10.832 ;        ;        ; 10.832 ;
; SW[0]      ; HEX2[2]     ; 10.832 ;        ;        ; 10.832 ;
; SW[0]      ; HEX2[5]     ;        ; 10.456 ; 10.456 ;        ;
; SW[1]      ; HEX0[0]     ; 11.302 ;        ;        ; 11.302 ;
; SW[1]      ; HEX0[3]     ; 11.563 ;        ;        ; 11.563 ;
; SW[1]      ; HEX0[4]     ; 11.738 ;        ;        ; 11.738 ;
; SW[1]      ; HEX0[5]     ; 11.302 ;        ;        ; 11.302 ;
; SW[1]      ; HEX0[6]     ; 11.583 ;        ;        ; 11.583 ;
; SW[1]      ; HEX1[0]     ; 10.987 ; 10.987 ; 10.987 ; 10.987 ;
; SW[1]      ; HEX1[3]     ; 10.319 ;        ;        ; 10.319 ;
; SW[1]      ; HEX1[4]     ; 10.350 ;        ;        ; 10.350 ;
; SW[1]      ; HEX1[5]     ; 10.964 ; 10.964 ; 10.964 ; 10.964 ;
; SW[1]      ; HEX1[6]     ; 10.329 ;        ;        ; 10.329 ;
; SW[1]      ; HEX2[0]     ; 10.693 ;        ;        ; 10.693 ;
; SW[1]      ; HEX2[3]     ; 11.411 ;        ;        ; 11.411 ;
; SW[1]      ; HEX2[4]     ; 11.431 ;        ;        ; 11.431 ;
; SW[1]      ; HEX2[5]     ; 10.693 ;        ;        ; 10.693 ;
; SW[1]      ; HEX2[6]     ; 11.441 ;        ;        ; 11.441 ;
; SW[2]      ; HEX0[0]     ;        ; 11.079 ; 11.079 ;        ;
; SW[2]      ; HEX0[1]     ; 10.478 ;        ;        ; 10.478 ;
; SW[2]      ; HEX0[2]     ; 10.478 ;        ;        ; 10.478 ;
; SW[2]      ; HEX0[5]     ;        ; 11.079 ; 11.079 ;        ;
; SW[2]      ; HEX1[0]     ;        ; 10.508 ; 10.508 ;        ;
; SW[2]      ; HEX1[1]     ; 11.176 ;        ;        ; 11.176 ;
; SW[2]      ; HEX1[2]     ; 10.805 ;        ;        ; 10.805 ;
; SW[2]      ; HEX1[5]     ;        ; 10.485 ; 10.485 ;        ;
; SW[2]      ; HEX2[0]     ;        ; 10.430 ; 10.430 ;        ;
; SW[2]      ; HEX2[1]     ; 10.015 ;        ;        ; 10.015 ;
; SW[2]      ; HEX2[2]     ; 10.015 ;        ;        ; 10.015 ;
; SW[2]      ; HEX2[5]     ;        ; 10.430 ; 10.430 ;        ;
; SW[3]      ; HEX0[0]     ; 11.208 ;        ;        ; 11.208 ;
; SW[3]      ; HEX0[3]     ; 11.469 ;        ;        ; 11.469 ;
; SW[3]      ; HEX0[4]     ; 11.644 ;        ;        ; 11.644 ;
; SW[3]      ; HEX0[5]     ; 11.208 ;        ;        ; 11.208 ;
; SW[3]      ; HEX0[6]     ; 11.489 ;        ;        ; 11.489 ;
; SW[3]      ; HEX1[0]     ; 10.792 ;        ;        ; 10.792 ;
; SW[3]      ; HEX1[3]     ; 10.575 ;        ;        ; 10.575 ;
; SW[3]      ; HEX1[4]     ; 10.606 ;        ;        ; 10.606 ;
; SW[3]      ; HEX1[5]     ; 10.769 ;        ;        ; 10.769 ;
; SW[3]      ; HEX1[6]     ; 10.585 ;        ;        ; 10.585 ;
; SW[3]      ; HEX2[0]     ; 10.796 ; 10.796 ; 10.796 ; 10.796 ;
; SW[3]      ; HEX2[3]     ; 10.741 ;        ;        ; 10.741 ;
; SW[3]      ; HEX2[4]     ; 10.761 ;        ;        ; 10.761 ;
; SW[3]      ; HEX2[5]     ; 10.796 ; 10.796 ; 10.796 ; 10.796 ;
; SW[3]      ; HEX2[6]     ; 10.771 ;        ;        ; 10.771 ;
; SW[4]      ; HEX0[0]     ;        ; 11.127 ; 11.127 ;        ;
; SW[4]      ; HEX0[1]     ; 10.081 ;        ;        ; 10.081 ;
; SW[4]      ; HEX0[2]     ; 10.081 ;        ;        ; 10.081 ;
; SW[4]      ; HEX0[5]     ;        ; 11.127 ; 11.127 ;        ;
; SW[4]      ; HEX1[0]     ;        ; 10.610 ; 10.610 ;        ;
; SW[4]      ; HEX1[1]     ; 11.278 ;        ;        ; 11.278 ;
; SW[4]      ; HEX1[2]     ; 10.907 ;        ;        ; 10.907 ;
; SW[4]      ; HEX1[5]     ;        ; 10.587 ; 10.587 ;        ;
; SW[4]      ; HEX2[0]     ;        ; 10.552 ; 10.552 ;        ;
; SW[4]      ; HEX2[1]     ; 10.928 ;        ;        ; 10.928 ;
; SW[4]      ; HEX2[2]     ; 10.928 ;        ;        ; 10.928 ;
; SW[4]      ; HEX2[5]     ;        ; 10.552 ; 10.552 ;        ;
; SW[5]      ; HEX0[0]     ; 10.772 ; 10.772 ; 10.772 ; 10.772 ;
; SW[5]      ; HEX0[3]     ; 10.311 ;        ;        ; 10.311 ;
; SW[5]      ; HEX0[4]     ; 10.486 ;        ;        ; 10.486 ;
; SW[5]      ; HEX0[5]     ; 10.772 ; 10.772 ; 10.772 ; 10.772 ;
; SW[5]      ; HEX0[6]     ; 10.331 ;        ;        ; 10.331 ;
; SW[5]      ; HEX1[0]     ; 10.762 ;        ;        ; 10.762 ;
; SW[5]      ; HEX1[3]     ; 10.545 ;        ;        ; 10.545 ;
; SW[5]      ; HEX1[4]     ; 10.576 ;        ;        ; 10.576 ;
; SW[5]      ; HEX1[5]     ; 10.739 ;        ;        ; 10.739 ;
; SW[5]      ; HEX1[6]     ; 10.555 ;        ;        ; 10.555 ;
; SW[5]      ; HEX2[0]     ; 11.267 ;        ;        ; 11.267 ;
; SW[5]      ; HEX2[3]     ; 11.985 ;        ;        ; 11.985 ;
; SW[5]      ; HEX2[4]     ; 12.005 ;        ;        ; 12.005 ;
; SW[5]      ; HEX2[5]     ; 11.267 ;        ;        ; 11.267 ;
; SW[5]      ; HEX2[6]     ; 12.015 ;        ;        ; 12.015 ;
; SW[8]      ; HEX0[0]     ; 11.478 ; 11.243 ; 11.243 ; 11.478 ;
; SW[8]      ; HEX0[1]     ; 10.013 ; 10.877 ; 10.877 ; 10.013 ;
; SW[8]      ; HEX0[2]     ; 10.013 ; 10.877 ; 10.877 ; 10.013 ;
; SW[8]      ; HEX0[3]     ; 10.725 ; 11.504 ; 11.504 ; 10.725 ;
; SW[8]      ; HEX0[4]     ; 10.900 ; 11.679 ; 11.679 ; 10.900 ;
; SW[8]      ; HEX0[5]     ; 11.478 ; 11.243 ; 11.243 ; 11.478 ;
; SW[8]      ; HEX0[6]     ; 10.745 ; 11.524 ; 11.524 ; 10.745 ;
; SW[8]      ; HEX1[0]     ; 10.923 ; 11.115 ; 11.115 ; 10.923 ;
; SW[8]      ; HEX1[1]     ; 10.451 ; 11.206 ; 11.206 ; 10.451 ;
; SW[8]      ; HEX1[2]     ; 10.080 ; 10.835 ; 10.835 ; 10.080 ;
; SW[8]      ; HEX1[3]     ; 10.018 ; 10.898 ; 10.898 ; 10.018 ;
; SW[8]      ; HEX1[4]     ; 10.049 ; 10.929 ; 10.929 ; 10.049 ;
; SW[8]      ; HEX1[5]     ; 10.900 ; 11.092 ; 11.092 ; 10.900 ;
; SW[8]      ; HEX1[6]     ; 10.028 ; 10.908 ; 10.908 ; 10.028 ;
; SW[8]      ; HEX2[0]     ; 10.830 ; 10.918 ; 10.918 ; 10.830 ;
; SW[8]      ; HEX2[1]     ; 10.043 ; 10.862 ; 10.862 ; 10.043 ;
; SW[8]      ; HEX2[2]     ; 10.043 ; 10.862 ; 10.862 ; 10.043 ;
; SW[8]      ; HEX2[3]     ; 10.771 ; 11.636 ; 11.636 ; 10.771 ;
; SW[8]      ; HEX2[4]     ; 10.791 ; 11.656 ; 11.656 ; 10.791 ;
; SW[8]      ; HEX2[5]     ; 10.830 ; 10.918 ; 10.918 ; 10.830 ;
; SW[8]      ; HEX2[6]     ; 10.801 ; 11.666 ; 11.666 ; 10.801 ;
; SW[9]      ; HEX0[0]     ; 11.801 ; 11.801 ; 11.801 ; 11.801 ;
; SW[9]      ; HEX0[1]     ; 11.200 ; 11.200 ; 11.200 ; 11.200 ;
; SW[9]      ; HEX0[2]     ; 11.200 ; 11.200 ; 11.200 ; 11.200 ;
; SW[9]      ; HEX0[3]     ; 11.827 ; 11.827 ; 11.827 ; 11.827 ;
; SW[9]      ; HEX0[4]     ; 12.002 ; 12.002 ; 12.002 ; 12.002 ;
; SW[9]      ; HEX0[5]     ; 11.801 ; 11.801 ; 11.801 ; 11.801 ;
; SW[9]      ; HEX0[6]     ; 11.847 ; 11.847 ; 11.847 ; 11.847 ;
; SW[9]      ; HEX1[0]     ; 11.251 ; 11.251 ; 11.251 ; 11.251 ;
; SW[9]      ; HEX1[1]     ; 11.532 ; 11.532 ; 11.532 ; 11.532 ;
; SW[9]      ; HEX1[2]     ; 11.161 ; 11.161 ; 11.161 ; 11.161 ;
; SW[9]      ; HEX1[3]     ; 10.625 ; 10.625 ; 10.625 ; 10.625 ;
; SW[9]      ; HEX1[4]     ; 10.656 ; 10.656 ; 10.656 ; 10.656 ;
; SW[9]      ; HEX1[5]     ; 11.228 ; 11.228 ; 11.228 ; 11.228 ;
; SW[9]      ; HEX1[6]     ; 10.635 ; 10.635 ; 10.635 ; 10.635 ;
; SW[9]      ; HEX2[0]     ; 11.152 ; 11.152 ; 11.152 ; 11.152 ;
; SW[9]      ; HEX2[1]     ; 11.185 ; 11.185 ; 11.185 ; 11.185 ;
; SW[9]      ; HEX2[2]     ; 11.185 ; 11.185 ; 11.185 ; 11.185 ;
; SW[9]      ; HEX2[3]     ; 11.326 ; 11.326 ; 11.326 ; 11.326 ;
; SW[9]      ; HEX2[4]     ; 11.346 ; 11.346 ; 11.346 ; 11.346 ;
; SW[9]      ; HEX2[5]     ; 11.152 ; 11.152 ; 11.152 ; 11.152 ;
; SW[9]      ; HEX2[6]     ; 11.356 ; 11.356 ; 11.356 ; 11.356 ;
+------------+-------------+--------+--------+--------+--------+


+----------------------------------------------------------+
; Minimum Progagation Delay                                ;
+------------+-------------+-------+-------+-------+-------+
; Input Port ; Output Port ; RR    ; RF    ; FR    ; FF    ;
+------------+-------------+-------+-------+-------+-------+
; SW[0]      ; HEX0[0]     ;       ; 5.652 ; 5.652 ;       ;
; SW[0]      ; HEX0[1]     ; 5.411 ;       ;       ; 5.411 ;
; SW[0]      ; HEX0[2]     ; 5.411 ;       ;       ; 5.411 ;
; SW[0]      ; HEX0[5]     ;       ; 5.652 ; 5.652 ;       ;
; SW[0]      ; HEX1[0]     ;       ; 5.453 ; 5.453 ;       ;
; SW[0]      ; HEX1[1]     ; 5.326 ;       ;       ; 5.326 ;
; SW[0]      ; HEX1[2]     ; 5.166 ;       ;       ; 5.166 ;
; SW[0]      ; HEX1[5]     ;       ; 5.445 ; 5.445 ;       ;
; SW[0]      ; HEX2[0]     ;       ; 5.274 ; 5.274 ;       ;
; SW[0]      ; HEX2[1]     ; 5.450 ;       ;       ; 5.450 ;
; SW[0]      ; HEX2[2]     ; 5.450 ;       ;       ; 5.450 ;
; SW[0]      ; HEX2[5]     ;       ; 5.274 ; 5.274 ;       ;
; SW[1]      ; HEX0[0]     ; 5.612 ;       ;       ; 5.612 ;
; SW[1]      ; HEX0[3]     ; 5.713 ;       ;       ; 5.713 ;
; SW[1]      ; HEX0[4]     ; 5.843 ;       ;       ; 5.843 ;
; SW[1]      ; HEX0[5]     ; 5.612 ;       ;       ; 5.612 ;
; SW[1]      ; HEX0[6]     ; 5.733 ;       ;       ; 5.733 ;
; SW[1]      ; HEX1[0]     ; 5.196 ; 5.487 ; 5.487 ; 5.196 ;
; SW[1]      ; HEX1[3]     ; 5.241 ;       ;       ; 5.241 ;
; SW[1]      ; HEX1[4]     ; 5.254 ;       ;       ; 5.254 ;
; SW[1]      ; HEX1[5]     ; 5.188 ; 5.479 ; 5.479 ; 5.188 ;
; SW[1]      ; HEX1[6]     ; 5.251 ;       ;       ; 5.251 ;
; SW[1]      ; HEX2[0]     ; 5.366 ;       ;       ; 5.366 ;
; SW[1]      ; HEX2[3]     ; 5.744 ;       ;       ; 5.744 ;
; SW[1]      ; HEX2[4]     ; 5.764 ;       ;       ; 5.764 ;
; SW[1]      ; HEX2[5]     ; 5.366 ;       ;       ; 5.366 ;
; SW[1]      ; HEX2[6]     ; 5.774 ;       ;       ; 5.774 ;
; SW[2]      ; HEX0[0]     ;       ; 5.510 ; 5.510 ;       ;
; SW[2]      ; HEX0[1]     ; 5.269 ;       ;       ; 5.269 ;
; SW[2]      ; HEX0[2]     ; 5.269 ;       ;       ; 5.269 ;
; SW[2]      ; HEX0[5]     ;       ; 5.510 ; 5.510 ;       ;
; SW[2]      ; HEX1[0]     ;       ; 5.308 ; 5.308 ;       ;
; SW[2]      ; HEX1[1]     ; 5.604 ;       ;       ; 5.604 ;
; SW[2]      ; HEX1[2]     ; 5.444 ;       ;       ; 5.444 ;
; SW[2]      ; HEX1[5]     ;       ; 5.300 ; 5.300 ;       ;
; SW[2]      ; HEX2[0]     ;       ; 5.254 ; 5.254 ;       ;
; SW[2]      ; HEX2[1]     ; 5.137 ;       ;       ; 5.137 ;
; SW[2]      ; HEX2[2]     ; 5.137 ;       ;       ; 5.137 ;
; SW[2]      ; HEX2[5]     ;       ; 5.254 ; 5.254 ;       ;
; SW[3]      ; HEX0[0]     ; 5.555 ;       ;       ; 5.555 ;
; SW[3]      ; HEX0[3]     ; 5.656 ;       ;       ; 5.656 ;
; SW[3]      ; HEX0[4]     ; 5.786 ;       ;       ; 5.786 ;
; SW[3]      ; HEX0[5]     ; 5.555 ;       ;       ; 5.555 ;
; SW[3]      ; HEX0[6]     ; 5.676 ;       ;       ; 5.676 ;
; SW[3]      ; HEX1[0]     ; 5.420 ;       ;       ; 5.420 ;
; SW[3]      ; HEX1[3]     ; 5.332 ;       ;       ; 5.332 ;
; SW[3]      ; HEX1[4]     ; 5.345 ;       ;       ; 5.345 ;
; SW[3]      ; HEX1[5]     ; 5.412 ;       ;       ; 5.412 ;
; SW[3]      ; HEX1[6]     ; 5.342 ;       ;       ; 5.342 ;
; SW[3]      ; HEX2[0]     ; 5.098 ; 5.379 ; 5.379 ; 5.098 ;
; SW[3]      ; HEX2[3]     ; 5.470 ;       ;       ; 5.470 ;
; SW[3]      ; HEX2[4]     ; 5.490 ;       ;       ; 5.490 ;
; SW[3]      ; HEX2[5]     ; 5.098 ; 5.379 ; 5.379 ; 5.098 ;
; SW[3]      ; HEX2[6]     ; 5.500 ;       ;       ; 5.500 ;
; SW[4]      ; HEX0[0]     ;       ; 5.525 ; 5.525 ;       ;
; SW[4]      ; HEX0[1]     ; 5.168 ;       ;       ; 5.168 ;
; SW[4]      ; HEX0[2]     ; 5.168 ;       ;       ; 5.168 ;
; SW[4]      ; HEX0[5]     ;       ; 5.525 ; 5.525 ;       ;
; SW[4]      ; HEX1[0]     ;       ; 5.373 ; 5.373 ;       ;
; SW[4]      ; HEX1[1]     ; 5.669 ;       ;       ; 5.669 ;
; SW[4]      ; HEX1[2]     ; 5.509 ;       ;       ; 5.509 ;
; SW[4]      ; HEX1[5]     ;       ; 5.365 ; 5.365 ;       ;
; SW[4]      ; HEX2[0]     ;       ; 5.329 ; 5.329 ;       ;
; SW[4]      ; HEX2[1]     ; 5.505 ;       ;       ; 5.505 ;
; SW[4]      ; HEX2[2]     ; 5.505 ;       ;       ; 5.505 ;
; SW[4]      ; HEX2[5]     ;       ; 5.329 ; 5.329 ;       ;
; SW[5]      ; HEX0[0]     ; 5.135 ; 5.418 ; 5.418 ; 5.135 ;
; SW[5]      ; HEX0[3]     ; 5.303 ;       ;       ; 5.303 ;
; SW[5]      ; HEX0[4]     ; 5.433 ;       ;       ; 5.433 ;
; SW[5]      ; HEX0[5]     ; 5.135 ; 5.418 ; 5.418 ; 5.135 ;
; SW[5]      ; HEX0[6]     ; 5.323 ;       ;       ; 5.323 ;
; SW[5]      ; HEX1[0]     ; 5.472 ;       ;       ; 5.472 ;
; SW[5]      ; HEX1[3]     ; 5.384 ;       ;       ; 5.384 ;
; SW[5]      ; HEX1[4]     ; 5.397 ;       ;       ; 5.397 ;
; SW[5]      ; HEX1[5]     ; 5.464 ;       ;       ; 5.464 ;
; SW[5]      ; HEX1[6]     ; 5.394 ;       ;       ; 5.394 ;
; SW[5]      ; HEX2[0]     ; 5.586 ;       ;       ; 5.586 ;
; SW[5]      ; HEX2[3]     ; 5.964 ;       ;       ; 5.964 ;
; SW[5]      ; HEX2[4]     ; 5.984 ;       ;       ; 5.984 ;
; SW[5]      ; HEX2[5]     ; 5.586 ;       ;       ; 5.586 ;
; SW[5]      ; HEX2[6]     ; 5.994 ;       ;       ; 5.994 ;
; SW[8]      ; HEX0[0]     ; 5.306 ; 5.306 ; 5.306 ; 5.306 ;
; SW[8]      ; HEX0[1]     ; 5.153 ; 5.447 ; 5.447 ; 5.153 ;
; SW[8]      ; HEX0[2]     ; 5.153 ; 5.447 ; 5.447 ; 5.153 ;
; SW[8]      ; HEX0[3]     ; 5.429 ; 5.709 ; 5.709 ; 5.429 ;
; SW[8]      ; HEX0[4]     ; 5.559 ; 5.839 ; 5.839 ; 5.559 ;
; SW[8]      ; HEX0[5]     ; 5.306 ; 5.306 ; 5.306 ; 5.306 ;
; SW[8]      ; HEX0[6]     ; 5.449 ; 5.729 ; 5.729 ; 5.449 ;
; SW[8]      ; HEX1[0]     ; 5.354 ; 5.482 ; 5.482 ; 5.354 ;
; SW[8]      ; HEX1[1]     ; 5.362 ; 5.650 ; 5.650 ; 5.362 ;
; SW[8]      ; HEX1[2]     ; 5.202 ; 5.490 ; 5.490 ; 5.202 ;
; SW[8]      ; HEX1[3]     ; 5.160 ; 5.509 ; 5.509 ; 5.160 ;
; SW[8]      ; HEX1[4]     ; 5.173 ; 5.522 ; 5.522 ; 5.173 ;
; SW[8]      ; HEX1[5]     ; 5.346 ; 5.474 ; 5.474 ; 5.346 ;
; SW[8]      ; HEX1[6]     ; 5.170 ; 5.519 ; 5.519 ; 5.170 ;
; SW[8]      ; HEX2[0]     ; 5.315 ; 5.436 ; 5.436 ; 5.315 ;
; SW[8]      ; HEX2[1]     ; 5.184 ; 5.491 ; 5.491 ; 5.184 ;
; SW[8]      ; HEX2[2]     ; 5.184 ; 5.491 ; 5.491 ; 5.184 ;
; SW[8]      ; HEX2[3]     ; 5.524 ; 5.856 ; 5.856 ; 5.524 ;
; SW[8]      ; HEX2[4]     ; 5.544 ; 5.876 ; 5.876 ; 5.544 ;
; SW[8]      ; HEX2[5]     ; 5.315 ; 5.436 ; 5.436 ; 5.315 ;
; SW[8]      ; HEX2[6]     ; 5.554 ; 5.886 ; 5.886 ; 5.554 ;
; SW[9]      ; HEX0[0]     ; 5.500 ; 5.500 ; 5.500 ; 5.500 ;
; SW[9]      ; HEX0[1]     ; 5.548 ; 5.249 ; 5.249 ; 5.548 ;
; SW[9]      ; HEX0[2]     ; 5.548 ; 5.249 ; 5.249 ; 5.548 ;
; SW[9]      ; HEX0[3]     ; 5.809 ; 5.277 ; 5.277 ; 5.809 ;
; SW[9]      ; HEX0[4]     ; 5.939 ; 5.407 ; 5.407 ; 5.939 ;
; SW[9]      ; HEX0[5]     ; 5.500 ; 5.500 ; 5.500 ; 5.500 ;
; SW[9]      ; HEX0[6]     ; 5.829 ; 5.297 ; 5.297 ; 5.829 ;
; SW[9]      ; HEX1[0]     ; 5.441 ; 5.441 ; 5.441 ; 5.441 ;
; SW[9]      ; HEX1[1]     ; 5.752 ; 5.459 ; 5.459 ; 5.752 ;
; SW[9]      ; HEX1[2]     ; 5.592 ; 5.299 ; 5.299 ; 5.592 ;
; SW[9]      ; HEX1[3]     ; 5.353 ; 5.261 ; 5.261 ; 5.353 ;
; SW[9]      ; HEX1[4]     ; 5.366 ; 5.274 ; 5.274 ; 5.366 ;
; SW[9]      ; HEX1[5]     ; 5.433 ; 5.433 ; 5.433 ; 5.433 ;
; SW[9]      ; HEX1[6]     ; 5.363 ; 5.271 ; 5.271 ; 5.363 ;
; SW[9]      ; HEX2[0]     ; 5.340 ; 5.340 ; 5.340 ; 5.340 ;
; SW[9]      ; HEX2[1]     ; 5.592 ; 5.283 ; 5.283 ; 5.592 ;
; SW[9]      ; HEX2[2]     ; 5.592 ; 5.283 ; 5.283 ; 5.592 ;
; SW[9]      ; HEX2[3]     ; 5.718 ; 5.620 ; 5.620 ; 5.718 ;
; SW[9]      ; HEX2[4]     ; 5.738 ; 5.640 ; 5.640 ; 5.738 ;
; SW[9]      ; HEX2[5]     ; 5.340 ; 5.340 ; 5.340 ; 5.340 ;
; SW[9]      ; HEX2[6]     ; 5.748 ; 5.650 ; 5.650 ; 5.748 ;
+------------+-------------+-------+-------+-------+-------+


-------------------
; Clock Transfers ;
-------------------
Nothing to report.


---------------
; Report TCCS ;
---------------
No dedicated SERDES Transmitter circuitry present in device or used in design


---------------
; Report RSKM ;
---------------
No dedicated SERDES Receiver circuitry present in device or used in design


+------------------------------------------------+
; Unconstrained Paths                            ;
+---------------------------------+-------+------+
; Property                        ; Setup ; Hold ;
+---------------------------------+-------+------+
; Illegal Clocks                  ; 0     ; 0    ;
; Unconstrained Clocks            ; 0     ; 0    ;
; Unconstrained Input Ports       ; 8     ; 8    ;
; Unconstrained Input Port Paths  ; 123   ; 123  ;
; Unconstrained Output Ports      ; 21    ; 21   ;
; Unconstrained Output Port Paths ; 123   ; 123  ;
+---------------------------------+-------+------+


+------------------------------------+
; TimeQuest Timing Analyzer Messages ;
+------------------------------------+
Info: *******************************************************************
Info: Running Quartus II 64-Bit TimeQuest Timing Analyzer
    Info: Version 13.0.1 Build 232 06/12/2013 Service Pack 1 SJ Web Edition
    Info: Processing started: Mon Sep 26 17:47:02 2022
Info: Command: quartus_sta L1P5 -c L1P5
Info: qsta_default_script.tcl version: #1
Warning (20028): Parallel compilation is not licensed and has been disabled
Info (21077): Low junction temperature is 0 degrees C
Info (21077): High junction temperature is 85 degrees C
Critical Warning (332012): Synopsys Design Constraints File file not found: 'L1P5.sdc'. A Synopsys Design Constraints File is required by the TimeQuest Timing Analyzer to get proper timing constraints. Without it, the Compiler will not properly optimize the design.
Info (332142): No user constrained base clocks found in the design. Calling "derive_clocks -period 1.0"
Info (332096): The command derive_clocks did not find any clocks to derive.  No clocks were created or changed.
Warning (332068): No clocks defined in design.
Info: Found TIMEQUEST_REPORT_SCRIPT_INCLUDE_DEFAULT_ANALYSIS = ON
Info (332159): No clocks to report
Info: Analyzing Slow Model
Info (332140): No fmax paths to report
Info (332140): No Setup paths to report
Info (332140): No Hold paths to report
Info (332140): No Recovery paths to report
Info (332140): No Removal paths to report
Info (332140): No Minimum Pulse Width paths to report
Info (332001): The selected device family is not supported by the report_metastability command.
Info: Analyzing Fast Model
Info (332142): No user constrained base clocks found in the design. Calling "derive_clocks -period 1.0"
Info (332096): The command derive_clocks did not find any clocks to derive.  No clocks were created or changed.
Warning (332068): No clocks defined in design.
Info (332140): No Setup paths to report
Info (332140): No Hold paths to report
Info (332140): No Recovery paths to report
Info (332140): No Removal paths to report
Info (332140): No Minimum Pulse Width paths to report
Info (332001): The selected device family is not supported by the report_metastability command.
Info (332102): Design is not fully constrained for setup requirements
Info (332102): Design is not fully constrained for hold requirements
Info: Quartus II 64-Bit TimeQuest Timing Analyzer was successful. 0 errors, 4 warnings
    Info: Peak virtual memory: 4542 megabytes
    Info: Processing ended: Mon Sep 26 17:47:03 2022
    Info: Elapsed time: 00:00:01
    Info: Total CPU time (on all processors): 00:00:00


